Archive member included to satisfy reference by file (symbol)

/usr/lib/gcc/arm-none-eabi/9.2.1/../../../arm-none-eabi/lib/thumb/v7e-m+fp/hard/libc_nano.a(lib_a-atexit.o)
                              /usr/lib/gcc/arm-none-eabi/9.2.1/../../../arm-none-eabi/lib/thumb/v7e-m+fp/hard/crt0.o (atexit)
/usr/lib/gcc/arm-none-eabi/9.2.1/../../../arm-none-eabi/lib/thumb/v7e-m+fp/hard/libc_nano.a(lib_a-exit.o)
                              /usr/lib/gcc/arm-none-eabi/9.2.1/../../../arm-none-eabi/lib/thumb/v7e-m+fp/hard/crt0.o (exit)
/usr/lib/gcc/arm-none-eabi/9.2.1/../../../arm-none-eabi/lib/thumb/v7e-m+fp/hard/libc_nano.a(lib_a-fini.o)
                              /usr/lib/gcc/arm-none-eabi/9.2.1/../../../arm-none-eabi/lib/thumb/v7e-m+fp/hard/crt0.o (__libc_fini_array)
/usr/lib/gcc/arm-none-eabi/9.2.1/../../../arm-none-eabi/lib/thumb/v7e-m+fp/hard/libc_nano.a(lib_a-impure.o)
                              /usr/lib/gcc/arm-none-eabi/9.2.1/../../../arm-none-eabi/lib/thumb/v7e-m+fp/hard/libc_nano.a(lib_a-exit.o) (_global_impure_ptr)
/usr/lib/gcc/arm-none-eabi/9.2.1/../../../arm-none-eabi/lib/thumb/v7e-m+fp/hard/libc_nano.a(lib_a-init.o)
                              /usr/lib/gcc/arm-none-eabi/9.2.1/../../../arm-none-eabi/lib/thumb/v7e-m+fp/hard/crt0.o (__libc_init_array)
/usr/lib/gcc/arm-none-eabi/9.2.1/../../../arm-none-eabi/lib/thumb/v7e-m+fp/hard/libc_nano.a(lib_a-memset.o)
                              /usr/lib/gcc/arm-none-eabi/9.2.1/../../../arm-none-eabi/lib/thumb/v7e-m+fp/hard/crt0.o (memset)
/usr/lib/gcc/arm-none-eabi/9.2.1/../../../arm-none-eabi/lib/thumb/v7e-m+fp/hard/libc_nano.a(lib_a-__atexit.o)
                              /usr/lib/gcc/arm-none-eabi/9.2.1/../../../arm-none-eabi/lib/thumb/v7e-m+fp/hard/libc_nano.a(lib_a-atexit.o) (__register_exitproc)
/usr/lib/gcc/arm-none-eabi/9.2.1/../../../arm-none-eabi/lib/thumb/v7e-m+fp/hard/libc_nano.a(lib_a-__call_atexit.o)
                              /usr/lib/gcc/arm-none-eabi/9.2.1/../../../arm-none-eabi/lib/thumb/v7e-m+fp/hard/libc_nano.a(lib_a-__atexit.o) (__call_exitprocs)
/usr/lib/gcc/arm-none-eabi/9.2.1/../../../arm-none-eabi/lib/thumb/v7e-m+fp/hard/libnosys.a(_exit.o)
                              /usr/lib/gcc/arm-none-eabi/9.2.1/../../../arm-none-eabi/lib/thumb/v7e-m+fp/hard/libc_nano.a(lib_a-exit.o) (_exit)

Allocating common symbols
Common symbol       size              file

itoa_output         0xc               build/main.o

Discarded input sections

 .text          0x0000000000000000        0x0 /usr/lib/gcc/arm-none-eabi/9.2.1/thumb/v7e-m+fp/hard/crti.o
 .data          0x0000000000000000        0x0 /usr/lib/gcc/arm-none-eabi/9.2.1/thumb/v7e-m+fp/hard/crti.o
 .bss           0x0000000000000000        0x0 /usr/lib/gcc/arm-none-eabi/9.2.1/thumb/v7e-m+fp/hard/crti.o
 .data          0x0000000000000000        0x4 /usr/lib/gcc/arm-none-eabi/9.2.1/thumb/v7e-m+fp/hard/crtbegin.o
 .text          0x0000000000000000       0x70 /usr/lib/gcc/arm-none-eabi/9.2.1/../../../arm-none-eabi/lib/thumb/v7e-m+fp/hard/crt0.o
 .data          0x0000000000000000        0x0 /usr/lib/gcc/arm-none-eabi/9.2.1/../../../arm-none-eabi/lib/thumb/v7e-m+fp/hard/crt0.o
 .bss           0x0000000000000000        0x0 /usr/lib/gcc/arm-none-eabi/9.2.1/../../../arm-none-eabi/lib/thumb/v7e-m+fp/hard/crt0.o
 .ARM.extab     0x0000000000000000        0x0 /usr/lib/gcc/arm-none-eabi/9.2.1/../../../arm-none-eabi/lib/thumb/v7e-m+fp/hard/crt0.o
 .ARM.exidx     0x0000000000000000       0x10 /usr/lib/gcc/arm-none-eabi/9.2.1/../../../arm-none-eabi/lib/thumb/v7e-m+fp/hard/crt0.o
 .debug_line    0x0000000000000000       0x87 /usr/lib/gcc/arm-none-eabi/9.2.1/../../../arm-none-eabi/lib/thumb/v7e-m+fp/hard/crt0.o
 .debug_info    0x0000000000000000       0x26 /usr/lib/gcc/arm-none-eabi/9.2.1/../../../arm-none-eabi/lib/thumb/v7e-m+fp/hard/crt0.o
 .debug_abbrev  0x0000000000000000       0x14 /usr/lib/gcc/arm-none-eabi/9.2.1/../../../arm-none-eabi/lib/thumb/v7e-m+fp/hard/crt0.o
 .debug_aranges
                0x0000000000000000       0x20 /usr/lib/gcc/arm-none-eabi/9.2.1/../../../arm-none-eabi/lib/thumb/v7e-m+fp/hard/crt0.o
 .debug_str     0x0000000000000000       0x98 /usr/lib/gcc/arm-none-eabi/9.2.1/../../../arm-none-eabi/lib/thumb/v7e-m+fp/hard/crt0.o
 .ARM.attributes
                0x0000000000000000       0x1c /usr/lib/gcc/arm-none-eabi/9.2.1/../../../arm-none-eabi/lib/thumb/v7e-m+fp/hard/crt0.o
 .text          0x0000000000000000        0x0 build/main.o
 .data          0x0000000000000000        0x0 build/main.o
 .bss           0x0000000000000000        0x0 build/main.o
 .text.strlen   0x0000000000000000       0x12 build/main.o
 .data.key_array
                0x0000000000000000        0x8 build/main.o
 .text          0x0000000000000000        0x0 build/util.o
 .data          0x0000000000000000        0x0 build/util.o
 .bss           0x0000000000000000        0x0 build/util.o
 .text.usart3_init
                0x0000000000000000       0x6c build/util.o
 .text.usart3_putchar
                0x0000000000000000       0x14 build/util.o
 .text.usart3_puts
                0x0000000000000000       0x12 build/util.o
 .text.delay_ms
                0x0000000000000000       0x16 build/util.o
 .text          0x0000000000000000        0x0 build/system_stm32f4xx.o
 .data          0x0000000000000000        0x0 build/system_stm32f4xx.o
 .bss           0x0000000000000000        0x0 build/system_stm32f4xx.o
 .text.SystemCoreClockUpdate
                0x0000000000000000       0xa0 build/system_stm32f4xx.o
 .rodata.AHBPrescTable
                0x0000000000000000       0x10 build/system_stm32f4xx.o
 .rodata.APBPrescTable
                0x0000000000000000        0x8 build/system_stm32f4xx.o
 .text          0x0000000000000000       0x14 build/startup_stm32f469xx.o
 .data          0x0000000000000000        0x0 build/startup_stm32f469xx.o
 .bss           0x0000000000000000        0x0 build/startup_stm32f469xx.o
 .text          0x0000000000000000        0xc /usr/lib/gcc/arm-none-eabi/9.2.1/../../../arm-none-eabi/lib/thumb/v7e-m+fp/hard/libc_nano.a(lib_a-atexit.o)
 .data          0x0000000000000000        0x0 /usr/lib/gcc/arm-none-eabi/9.2.1/../../../arm-none-eabi/lib/thumb/v7e-m+fp/hard/libc_nano.a(lib_a-atexit.o)
 .bss           0x0000000000000000        0x0 /usr/lib/gcc/arm-none-eabi/9.2.1/../../../arm-none-eabi/lib/thumb/v7e-m+fp/hard/libc_nano.a(lib_a-atexit.o)
 .debug_info    0x0000000000000000      0x995 /usr/lib/gcc/arm-none-eabi/9.2.1/../../../arm-none-eabi/lib/thumb/v7e-m+fp/hard/libc_nano.a(lib_a-atexit.o)
 .debug_abbrev  0x0000000000000000      0x1f4 /usr/lib/gcc/arm-none-eabi/9.2.1/../../../arm-none-eabi/lib/thumb/v7e-m+fp/hard/libc_nano.a(lib_a-atexit.o)
 .debug_loc     0x0000000000000000       0x32 /usr/lib/gcc/arm-none-eabi/9.2.1/../../../arm-none-eabi/lib/thumb/v7e-m+fp/hard/libc_nano.a(lib_a-atexit.o)
 .debug_aranges
                0x0000000000000000       0x20 /usr/lib/gcc/arm-none-eabi/9.2.1/../../../arm-none-eabi/lib/thumb/v7e-m+fp/hard/libc_nano.a(lib_a-atexit.o)
 .debug_line    0x0000000000000000      0x14a /usr/lib/gcc/arm-none-eabi/9.2.1/../../../arm-none-eabi/lib/thumb/v7e-m+fp/hard/libc_nano.a(lib_a-atexit.o)
 .debug_str     0x0000000000000000      0x62d /usr/lib/gcc/arm-none-eabi/9.2.1/../../../arm-none-eabi/lib/thumb/v7e-m+fp/hard/libc_nano.a(lib_a-atexit.o)
 .comment       0x0000000000000000       0x4f /usr/lib/gcc/arm-none-eabi/9.2.1/../../../arm-none-eabi/lib/thumb/v7e-m+fp/hard/libc_nano.a(lib_a-atexit.o)
 .debug_frame   0x0000000000000000       0x20 /usr/lib/gcc/arm-none-eabi/9.2.1/../../../arm-none-eabi/lib/thumb/v7e-m+fp/hard/libc_nano.a(lib_a-atexit.o)
 .ARM.attributes
                0x0000000000000000       0x34 /usr/lib/gcc/arm-none-eabi/9.2.1/../../../arm-none-eabi/lib/thumb/v7e-m+fp/hard/libc_nano.a(lib_a-atexit.o)
 .text          0x0000000000000000       0x28 /usr/lib/gcc/arm-none-eabi/9.2.1/../../../arm-none-eabi/lib/thumb/v7e-m+fp/hard/libc_nano.a(lib_a-exit.o)
 .data          0x0000000000000000        0x0 /usr/lib/gcc/arm-none-eabi/9.2.1/../../../arm-none-eabi/lib/thumb/v7e-m+fp/hard/libc_nano.a(lib_a-exit.o)
 .bss           0x0000000000000000        0x0 /usr/lib/gcc/arm-none-eabi/9.2.1/../../../arm-none-eabi/lib/thumb/v7e-m+fp/hard/libc_nano.a(lib_a-exit.o)
 .debug_info    0x0000000000000000      0x9e7 /usr/lib/gcc/arm-none-eabi/9.2.1/../../../arm-none-eabi/lib/thumb/v7e-m+fp/hard/libc_nano.a(lib_a-exit.o)
 .debug_abbrev  0x0000000000000000      0x1f6 /usr/lib/gcc/arm-none-eabi/9.2.1/../../../arm-none-eabi/lib/thumb/v7e-m+fp/hard/libc_nano.a(lib_a-exit.o)
 .debug_loc     0x0000000000000000       0x22 /usr/lib/gcc/arm-none-eabi/9.2.1/../../../arm-none-eabi/lib/thumb/v7e-m+fp/hard/libc_nano.a(lib_a-exit.o)
 .debug_aranges
                0x0000000000000000       0x20 /usr/lib/gcc/arm-none-eabi/9.2.1/../../../arm-none-eabi/lib/thumb/v7e-m+fp/hard/libc_nano.a(lib_a-exit.o)
 .debug_line    0x0000000000000000      0x16c /usr/lib/gcc/arm-none-eabi/9.2.1/../../../arm-none-eabi/lib/thumb/v7e-m+fp/hard/libc_nano.a(lib_a-exit.o)
 .debug_str     0x0000000000000000      0x62e /usr/lib/gcc/arm-none-eabi/9.2.1/../../../arm-none-eabi/lib/thumb/v7e-m+fp/hard/libc_nano.a(lib_a-exit.o)
 .comment       0x0000000000000000       0x4f /usr/lib/gcc/arm-none-eabi/9.2.1/../../../arm-none-eabi/lib/thumb/v7e-m+fp/hard/libc_nano.a(lib_a-exit.o)
 .debug_frame   0x0000000000000000       0x28 /usr/lib/gcc/arm-none-eabi/9.2.1/../../../arm-none-eabi/lib/thumb/v7e-m+fp/hard/libc_nano.a(lib_a-exit.o)
 .ARM.attributes
                0x0000000000000000       0x34 /usr/lib/gcc/arm-none-eabi/9.2.1/../../../arm-none-eabi/lib/thumb/v7e-m+fp/hard/libc_nano.a(lib_a-exit.o)
 .text          0x0000000000000000       0x34 /usr/lib/gcc/arm-none-eabi/9.2.1/../../../arm-none-eabi/lib/thumb/v7e-m+fp/hard/libc_nano.a(lib_a-fini.o)
 .data          0x0000000000000000        0x0 /usr/lib/gcc/arm-none-eabi/9.2.1/../../../arm-none-eabi/lib/thumb/v7e-m+fp/hard/libc_nano.a(lib_a-fini.o)
 .bss           0x0000000000000000        0x0 /usr/lib/gcc/arm-none-eabi/9.2.1/../../../arm-none-eabi/lib/thumb/v7e-m+fp/hard/libc_nano.a(lib_a-fini.o)
 .debug_info    0x0000000000000000      0x102 /usr/lib/gcc/arm-none-eabi/9.2.1/../../../arm-none-eabi/lib/thumb/v7e-m+fp/hard/libc_nano.a(lib_a-fini.o)
 .debug_abbrev  0x0000000000000000       0xcf /usr/lib/gcc/arm-none-eabi/9.2.1/../../../arm-none-eabi/lib/thumb/v7e-m+fp/hard/libc_nano.a(lib_a-fini.o)
 .debug_loc     0x0000000000000000       0x68 /usr/lib/gcc/arm-none-eabi/9.2.1/../../../arm-none-eabi/lib/thumb/v7e-m+fp/hard/libc_nano.a(lib_a-fini.o)
 .debug_aranges
                0x0000000000000000       0x20 /usr/lib/gcc/arm-none-eabi/9.2.1/../../../arm-none-eabi/lib/thumb/v7e-m+fp/hard/libc_nano.a(lib_a-fini.o)
 .debug_line    0x0000000000000000       0xd7 /usr/lib/gcc/arm-none-eabi/9.2.1/../../../arm-none-eabi/lib/thumb/v7e-m+fp/hard/libc_nano.a(lib_a-fini.o)
 .debug_str     0x0000000000000000      0x1ff /usr/lib/gcc/arm-none-eabi/9.2.1/../../../arm-none-eabi/lib/thumb/v7e-m+fp/hard/libc_nano.a(lib_a-fini.o)
 .comment       0x0000000000000000       0x4f /usr/lib/gcc/arm-none-eabi/9.2.1/../../../arm-none-eabi/lib/thumb/v7e-m+fp/hard/libc_nano.a(lib_a-fini.o)
 .debug_frame   0x0000000000000000       0x34 /usr/lib/gcc/arm-none-eabi/9.2.1/../../../arm-none-eabi/lib/thumb/v7e-m+fp/hard/libc_nano.a(lib_a-fini.o)
 .ARM.attributes
                0x0000000000000000       0x34 /usr/lib/gcc/arm-none-eabi/9.2.1/../../../arm-none-eabi/lib/thumb/v7e-m+fp/hard/libc_nano.a(lib_a-fini.o)
 .text          0x0000000000000000        0x0 /usr/lib/gcc/arm-none-eabi/9.2.1/../../../arm-none-eabi/lib/thumb/v7e-m+fp/hard/libc_nano.a(lib_a-impure.o)
 .data          0x0000000000000000       0x64 /usr/lib/gcc/arm-none-eabi/9.2.1/../../../arm-none-eabi/lib/thumb/v7e-m+fp/hard/libc_nano.a(lib_a-impure.o)
 .bss           0x0000000000000000        0x0 /usr/lib/gcc/arm-none-eabi/9.2.1/../../../arm-none-eabi/lib/thumb/v7e-m+fp/hard/libc_nano.a(lib_a-impure.o)
 .rodata        0x0000000000000000        0x4 /usr/lib/gcc/arm-none-eabi/9.2.1/../../../arm-none-eabi/lib/thumb/v7e-m+fp/hard/libc_nano.a(lib_a-impure.o)
 .debug_info    0x0000000000000000      0x92a /usr/lib/gcc/arm-none-eabi/9.2.1/../../../arm-none-eabi/lib/thumb/v7e-m+fp/hard/libc_nano.a(lib_a-impure.o)
 .debug_abbrev  0x0000000000000000      0x17a /usr/lib/gcc/arm-none-eabi/9.2.1/../../../arm-none-eabi/lib/thumb/v7e-m+fp/hard/libc_nano.a(lib_a-impure.o)
 .debug_aranges
                0x0000000000000000       0x18 /usr/lib/gcc/arm-none-eabi/9.2.1/../../../arm-none-eabi/lib/thumb/v7e-m+fp/hard/libc_nano.a(lib_a-impure.o)
 .debug_line    0x0000000000000000       0xe3 /usr/lib/gcc/arm-none-eabi/9.2.1/../../../arm-none-eabi/lib/thumb/v7e-m+fp/hard/libc_nano.a(lib_a-impure.o)
 .debug_str     0x0000000000000000      0x5e2 /usr/lib/gcc/arm-none-eabi/9.2.1/../../../arm-none-eabi/lib/thumb/v7e-m+fp/hard/libc_nano.a(lib_a-impure.o)
 .comment       0x0000000000000000       0x4f /usr/lib/gcc/arm-none-eabi/9.2.1/../../../arm-none-eabi/lib/thumb/v7e-m+fp/hard/libc_nano.a(lib_a-impure.o)
 .ARM.attributes
                0x0000000000000000       0x32 /usr/lib/gcc/arm-none-eabi/9.2.1/../../../arm-none-eabi/lib/thumb/v7e-m+fp/hard/libc_nano.a(lib_a-impure.o)
 .data          0x0000000000000000        0x0 /usr/lib/gcc/arm-none-eabi/9.2.1/../../../arm-none-eabi/lib/thumb/v7e-m+fp/hard/libc_nano.a(lib_a-init.o)
 .bss           0x0000000000000000        0x0 /usr/lib/gcc/arm-none-eabi/9.2.1/../../../arm-none-eabi/lib/thumb/v7e-m+fp/hard/libc_nano.a(lib_a-init.o)
 .text          0x0000000000000000       0xa0 /usr/lib/gcc/arm-none-eabi/9.2.1/../../../arm-none-eabi/lib/thumb/v7e-m+fp/hard/libc_nano.a(lib_a-memset.o)
 .data          0x0000000000000000        0x0 /usr/lib/gcc/arm-none-eabi/9.2.1/../../../arm-none-eabi/lib/thumb/v7e-m+fp/hard/libc_nano.a(lib_a-memset.o)
 .bss           0x0000000000000000        0x0 /usr/lib/gcc/arm-none-eabi/9.2.1/../../../arm-none-eabi/lib/thumb/v7e-m+fp/hard/libc_nano.a(lib_a-memset.o)
 .debug_info    0x0000000000000000      0xf21 /usr/lib/gcc/arm-none-eabi/9.2.1/../../../arm-none-eabi/lib/thumb/v7e-m+fp/hard/libc_nano.a(lib_a-memset.o)
 .debug_abbrev  0x0000000000000000      0x1d9 /usr/lib/gcc/arm-none-eabi/9.2.1/../../../arm-none-eabi/lib/thumb/v7e-m+fp/hard/libc_nano.a(lib_a-memset.o)
 .debug_loc     0x0000000000000000      0x231 /usr/lib/gcc/arm-none-eabi/9.2.1/../../../arm-none-eabi/lib/thumb/v7e-m+fp/hard/libc_nano.a(lib_a-memset.o)
 .debug_aranges
                0x0000000000000000       0x20 /usr/lib/gcc/arm-none-eabi/9.2.1/../../../arm-none-eabi/lib/thumb/v7e-m+fp/hard/libc_nano.a(lib_a-memset.o)
 .debug_line    0x0000000000000000      0x26b /usr/lib/gcc/arm-none-eabi/9.2.1/../../../arm-none-eabi/lib/thumb/v7e-m+fp/hard/libc_nano.a(lib_a-memset.o)
 .debug_str     0x0000000000000000      0x90f /usr/lib/gcc/arm-none-eabi/9.2.1/../../../arm-none-eabi/lib/thumb/v7e-m+fp/hard/libc_nano.a(lib_a-memset.o)
 .comment       0x0000000000000000       0x4f /usr/lib/gcc/arm-none-eabi/9.2.1/../../../arm-none-eabi/lib/thumb/v7e-m+fp/hard/libc_nano.a(lib_a-memset.o)
 .debug_frame   0x0000000000000000       0x38 /usr/lib/gcc/arm-none-eabi/9.2.1/../../../arm-none-eabi/lib/thumb/v7e-m+fp/hard/libc_nano.a(lib_a-memset.o)
 .ARM.attributes
                0x0000000000000000       0x34 /usr/lib/gcc/arm-none-eabi/9.2.1/../../../arm-none-eabi/lib/thumb/v7e-m+fp/hard/libc_nano.a(lib_a-memset.o)
 .text          0x0000000000000000       0xa0 /usr/lib/gcc/arm-none-eabi/9.2.1/../../../arm-none-eabi/lib/thumb/v7e-m+fp/hard/libc_nano.a(lib_a-__atexit.o)
 .data          0x0000000000000000        0x4 /usr/lib/gcc/arm-none-eabi/9.2.1/../../../arm-none-eabi/lib/thumb/v7e-m+fp/hard/libc_nano.a(lib_a-__atexit.o)
 .bss           0x0000000000000000       0x8c /usr/lib/gcc/arm-none-eabi/9.2.1/../../../arm-none-eabi/lib/thumb/v7e-m+fp/hard/libc_nano.a(lib_a-__atexit.o)
 .debug_info    0x0000000000000000      0xa3c /usr/lib/gcc/arm-none-eabi/9.2.1/../../../arm-none-eabi/lib/thumb/v7e-m+fp/hard/libc_nano.a(lib_a-__atexit.o)
 .debug_abbrev  0x0000000000000000      0x261 /usr/lib/gcc/arm-none-eabi/9.2.1/../../../arm-none-eabi/lib/thumb/v7e-m+fp/hard/libc_nano.a(lib_a-__atexit.o)
 .debug_loc     0x0000000000000000      0x230 /usr/lib/gcc/arm-none-eabi/9.2.1/../../../arm-none-eabi/lib/thumb/v7e-m+fp/hard/libc_nano.a(lib_a-__atexit.o)
 .debug_aranges
                0x0000000000000000       0x20 /usr/lib/gcc/arm-none-eabi/9.2.1/../../../arm-none-eabi/lib/thumb/v7e-m+fp/hard/libc_nano.a(lib_a-__atexit.o)
 .debug_line    0x0000000000000000      0x228 /usr/lib/gcc/arm-none-eabi/9.2.1/../../../arm-none-eabi/lib/thumb/v7e-m+fp/hard/libc_nano.a(lib_a-__atexit.o)
 .debug_str     0x0000000000000000      0x680 /usr/lib/gcc/arm-none-eabi/9.2.1/../../../arm-none-eabi/lib/thumb/v7e-m+fp/hard/libc_nano.a(lib_a-__atexit.o)
 .comment       0x0000000000000000       0x4f /usr/lib/gcc/arm-none-eabi/9.2.1/../../../arm-none-eabi/lib/thumb/v7e-m+fp/hard/libc_nano.a(lib_a-__atexit.o)
 .debug_frame   0x0000000000000000       0x34 /usr/lib/gcc/arm-none-eabi/9.2.1/../../../arm-none-eabi/lib/thumb/v7e-m+fp/hard/libc_nano.a(lib_a-__atexit.o)
 .ARM.attributes
                0x0000000000000000       0x34 /usr/lib/gcc/arm-none-eabi/9.2.1/../../../arm-none-eabi/lib/thumb/v7e-m+fp/hard/libc_nano.a(lib_a-__atexit.o)
 .text          0x0000000000000000       0x9c /usr/lib/gcc/arm-none-eabi/9.2.1/../../../arm-none-eabi/lib/thumb/v7e-m+fp/hard/libc_nano.a(lib_a-__call_atexit.o)
 .data          0x0000000000000000        0x0 /usr/lib/gcc/arm-none-eabi/9.2.1/../../../arm-none-eabi/lib/thumb/v7e-m+fp/hard/libc_nano.a(lib_a-__call_atexit.o)
 .bss           0x0000000000000000        0x4 /usr/lib/gcc/arm-none-eabi/9.2.1/../../../arm-none-eabi/lib/thumb/v7e-m+fp/hard/libc_nano.a(lib_a-__call_atexit.o)
 .debug_info    0x0000000000000000      0xa10 /usr/lib/gcc/arm-none-eabi/9.2.1/../../../arm-none-eabi/lib/thumb/v7e-m+fp/hard/libc_nano.a(lib_a-__call_atexit.o)
 .debug_abbrev  0x0000000000000000      0x237 /usr/lib/gcc/arm-none-eabi/9.2.1/../../../arm-none-eabi/lib/thumb/v7e-m+fp/hard/libc_nano.a(lib_a-__call_atexit.o)
 .debug_loc     0x0000000000000000      0x13f /usr/lib/gcc/arm-none-eabi/9.2.1/../../../arm-none-eabi/lib/thumb/v7e-m+fp/hard/libc_nano.a(lib_a-__call_atexit.o)
 .debug_aranges
                0x0000000000000000       0x20 /usr/lib/gcc/arm-none-eabi/9.2.1/../../../arm-none-eabi/lib/thumb/v7e-m+fp/hard/libc_nano.a(lib_a-__call_atexit.o)
 .debug_ranges  0x0000000000000000       0x28 /usr/lib/gcc/arm-none-eabi/9.2.1/../../../arm-none-eabi/lib/thumb/v7e-m+fp/hard/libc_nano.a(lib_a-__call_atexit.o)
 .debug_line    0x0000000000000000      0x22a /usr/lib/gcc/arm-none-eabi/9.2.1/../../../arm-none-eabi/lib/thumb/v7e-m+fp/hard/libc_nano.a(lib_a-__call_atexit.o)
 .debug_str     0x0000000000000000      0x62b /usr/lib/gcc/arm-none-eabi/9.2.1/../../../arm-none-eabi/lib/thumb/v7e-m+fp/hard/libc_nano.a(lib_a-__call_atexit.o)
 .comment       0x0000000000000000       0x4f /usr/lib/gcc/arm-none-eabi/9.2.1/../../../arm-none-eabi/lib/thumb/v7e-m+fp/hard/libc_nano.a(lib_a-__call_atexit.o)
 .debug_frame   0x0000000000000000       0x40 /usr/lib/gcc/arm-none-eabi/9.2.1/../../../arm-none-eabi/lib/thumb/v7e-m+fp/hard/libc_nano.a(lib_a-__call_atexit.o)
 .ARM.attributes
                0x0000000000000000       0x34 /usr/lib/gcc/arm-none-eabi/9.2.1/../../../arm-none-eabi/lib/thumb/v7e-m+fp/hard/libc_nano.a(lib_a-__call_atexit.o)
 .text          0x0000000000000000        0x4 /usr/lib/gcc/arm-none-eabi/9.2.1/../../../arm-none-eabi/lib/thumb/v7e-m+fp/hard/libnosys.a(_exit.o)
 .data          0x0000000000000000        0x0 /usr/lib/gcc/arm-none-eabi/9.2.1/../../../arm-none-eabi/lib/thumb/v7e-m+fp/hard/libnosys.a(_exit.o)
 .bss           0x0000000000000000        0x0 /usr/lib/gcc/arm-none-eabi/9.2.1/../../../arm-none-eabi/lib/thumb/v7e-m+fp/hard/libnosys.a(_exit.o)
 .debug_info    0x0000000000000000       0xa3 /usr/lib/gcc/arm-none-eabi/9.2.1/../../../arm-none-eabi/lib/thumb/v7e-m+fp/hard/libnosys.a(_exit.o)
 .debug_abbrev  0x0000000000000000       0x6a /usr/lib/gcc/arm-none-eabi/9.2.1/../../../arm-none-eabi/lib/thumb/v7e-m+fp/hard/libnosys.a(_exit.o)
 .debug_loc     0x0000000000000000       0x15 /usr/lib/gcc/arm-none-eabi/9.2.1/../../../arm-none-eabi/lib/thumb/v7e-m+fp/hard/libnosys.a(_exit.o)
 .debug_aranges
                0x0000000000000000       0x20 /usr/lib/gcc/arm-none-eabi/9.2.1/../../../arm-none-eabi/lib/thumb/v7e-m+fp/hard/libnosys.a(_exit.o)
 .debug_line    0x0000000000000000       0x6e /usr/lib/gcc/arm-none-eabi/9.2.1/../../../arm-none-eabi/lib/thumb/v7e-m+fp/hard/libnosys.a(_exit.o)
 .debug_str     0x0000000000000000      0x19f /usr/lib/gcc/arm-none-eabi/9.2.1/../../../arm-none-eabi/lib/thumb/v7e-m+fp/hard/libnosys.a(_exit.o)
 .comment       0x0000000000000000       0x4f /usr/lib/gcc/arm-none-eabi/9.2.1/../../../arm-none-eabi/lib/thumb/v7e-m+fp/hard/libnosys.a(_exit.o)
 .debug_frame   0x0000000000000000       0x20 /usr/lib/gcc/arm-none-eabi/9.2.1/../../../arm-none-eabi/lib/thumb/v7e-m+fp/hard/libnosys.a(_exit.o)
 .ARM.attributes
                0x0000000000000000       0x34 /usr/lib/gcc/arm-none-eabi/9.2.1/../../../arm-none-eabi/lib/thumb/v7e-m+fp/hard/libnosys.a(_exit.o)
 .text          0x0000000000000000        0x0 /usr/lib/gcc/arm-none-eabi/9.2.1/thumb/v7e-m+fp/hard/crtend.o
 .data          0x0000000000000000        0x0 /usr/lib/gcc/arm-none-eabi/9.2.1/thumb/v7e-m+fp/hard/crtend.o
 .bss           0x0000000000000000        0x0 /usr/lib/gcc/arm-none-eabi/9.2.1/thumb/v7e-m+fp/hard/crtend.o
 .eh_frame      0x0000000000000000        0x4 /usr/lib/gcc/arm-none-eabi/9.2.1/thumb/v7e-m+fp/hard/crtend.o
 .text          0x0000000000000000        0x0 /usr/lib/gcc/arm-none-eabi/9.2.1/thumb/v7e-m+fp/hard/crtn.o
 .data          0x0000000000000000        0x0 /usr/lib/gcc/arm-none-eabi/9.2.1/thumb/v7e-m+fp/hard/crtn.o
 .bss           0x0000000000000000        0x0 /usr/lib/gcc/arm-none-eabi/9.2.1/thumb/v7e-m+fp/hard/crtn.o

Memory Configuration

Name             Origin             Length             Attributes
RAM              0x0000000020000000 0x0000000000050000 xrw
CCMRAM           0x0000000010000000 0x0000000000010000 rw
FLASH            0x0000000008000000 0x0000000000200000 xr
*default*        0x0000000000000000 0xffffffffffffffff

Linker script and memory map

LOAD /usr/lib/gcc/arm-none-eabi/9.2.1/thumb/v7e-m+fp/hard/crti.o
LOAD /usr/lib/gcc/arm-none-eabi/9.2.1/thumb/v7e-m+fp/hard/crtbegin.o
LOAD /usr/lib/gcc/arm-none-eabi/9.2.1/../../../arm-none-eabi/lib/thumb/v7e-m+fp/hard/crt0.o
LOAD build/main.o
LOAD build/util.o
LOAD build/system_stm32f4xx.o
LOAD build/startup_stm32f469xx.o
LOAD /usr/lib/gcc/arm-none-eabi/9.2.1/../../../arm-none-eabi/lib/thumb/v7e-m+fp/hard/libc_nano.a
LOAD /usr/lib/gcc/arm-none-eabi/9.2.1/../../../arm-none-eabi/lib/thumb/v7e-m+fp/hard/libm.a
LOAD /usr/lib/gcc/arm-none-eabi/9.2.1/../../../arm-none-eabi/lib/thumb/v7e-m+fp/hard/libnosys.a
START GROUP
LOAD /usr/lib/gcc/arm-none-eabi/9.2.1/thumb/v7e-m+fp/hard/libgcc.a
LOAD /usr/lib/gcc/arm-none-eabi/9.2.1/../../../arm-none-eabi/lib/thumb/v7e-m+fp/hard/libc_nano.a
END GROUP
START GROUP
LOAD /usr/lib/gcc/arm-none-eabi/9.2.1/thumb/v7e-m+fp/hard/libgcc.a
LOAD /usr/lib/gcc/arm-none-eabi/9.2.1/../../../arm-none-eabi/lib/thumb/v7e-m+fp/hard/libc_nano.a
END GROUP
LOAD /usr/lib/gcc/arm-none-eabi/9.2.1/thumb/v7e-m+fp/hard/crtend.o
LOAD /usr/lib/gcc/arm-none-eabi/9.2.1/thumb/v7e-m+fp/hard/crtn.o
                0x0000000020050000                _estack = 0x20050000
                0x0000000000000200                _Min_Heap_Size = 0x200
                0x0000000000000400                _Min_Stack_Size = 0x400

.isr_vector     0x0000000008000000      0x1b4
                0x0000000008000000                . = ALIGN (0x4)
 *(.isr_vector)
 .isr_vector    0x0000000008000000      0x1b4 build/startup_stm32f469xx.o
                0x0000000008000000                g_pfnVectors
                0x00000000080001b4                . = ALIGN (0x4)

.text           0x00000000080001b4      0xbf0
                0x00000000080001b4                . = ALIGN (0x4)
 *(.text)
 .text          0x00000000080001b4       0x88 /usr/lib/gcc/arm-none-eabi/9.2.1/thumb/v7e-m+fp/hard/crtbegin.o
 .text          0x000000000800023c       0x48 /usr/lib/gcc/arm-none-eabi/9.2.1/../../../arm-none-eabi/lib/thumb/v7e-m+fp/hard/libc_nano.a(lib_a-init.o)
                0x000000000800023c                __libc_init_array
 *(.text*)
 .text.delayMs  0x0000000008000284       0x1c build/main.o
                0x0000000008000284                delayMs
 .text.delayMcs
                0x00000000080002a0       0x14 build/main.o
                0x00000000080002a0                delayMcs
 .text.blinkLed
                0x00000000080002b4       0x20 build/main.o
                0x00000000080002b4                blinkLed
 .text.sendViaUsart3
                0x00000000080002d4       0x2c build/main.o
                0x00000000080002d4                sendViaUsart3
 .text.sendViaSPI6
                0x0000000008000300       0x14 build/main.o
                0x0000000008000300                sendViaSPI6
 .text.sendViaSPI2
                0x0000000008000314       0x14 build/main.o
                0x0000000008000314                sendViaSPI2
 .text.csUp     0x0000000008000328       0x10 build/main.o
                0x0000000008000328                csUp
 .text.csDown   0x0000000008000338       0x10 build/main.o
                0x0000000008000338                csDown
 .text.enableEEPROM
                0x0000000008000348       0x74 build/main.o
                0x0000000008000348                enableEEPROM
 .text.writeToEEPROM
                0x00000000080003bc      0x134 build/main.o
                0x00000000080003bc                writeToEEPROM
 .text.SysTick_Handler
                0x00000000080004f0       0x60 build/main.o
                0x00000000080004f0                SysTick_Handler
 .text.power    0x0000000008000550       0x1e build/main.o
                0x0000000008000550                power
 *fill*         0x000000000800056e        0x2 
 .text.itoa     0x0000000008000570       0x78 build/main.o
                0x0000000008000570                itoa
 .text.isize    0x00000000080005e8       0x30 build/main.o
                0x00000000080005e8                isize
 .text.USART3_IRQHandler
                0x0000000008000618      0x130 build/main.o
                0x0000000008000618                USART3_IRQHandler
 .text.UART3Init
                0x0000000008000748       0xa8 build/main.o
                0x0000000008000748                UART3Init
 .text.SPI2Init
                0x00000000080007f0      0x110 build/main.o
                0x00000000080007f0                SPI2Init
 .text.SPI6Init
                0x0000000008000900      0x100 build/main.o
                0x0000000008000900                SPI6Init
 .text.rclkRise
                0x0000000008000a00       0x24 build/main.o
                0x0000000008000a00                rclkRise
 .text.registerUpdate
                0x0000000008000a24        0x8 build/main.o
                0x0000000008000a24                registerUpdate
 .text.setDigit
                0x0000000008000a2c       0x30 build/main.o
                0x0000000008000a2c                setDigit
 .text.driveShield
                0x0000000008000a5c       0xb0 build/main.o
                0x0000000008000a5c                driveShield
 .text.main     0x0000000008000b0c       0xf4 build/main.o
                0x0000000008000b0c                main
 .text.set_sysclk_max
                0x0000000008000c00       0xec build/util.o
                0x0000000008000c00                set_sysclk_max
 .text.SystemInit
                0x0000000008000cec       0x4c build/system_stm32f4xx.o
                0x0000000008000cec                SystemInit
 .text.Reset_Handler
                0x0000000008000d38       0x50 build/startup_stm32f469xx.o
                0x0000000008000d38                Reset_Handler
 .text.Default_Handler
                0x0000000008000d88        0x2 build/startup_stm32f469xx.o
                0x0000000008000d88                RTC_Alarm_IRQHandler
                0x0000000008000d88                HASH_RNG_IRQHandler
                0x0000000008000d88                EXTI2_IRQHandler
                0x0000000008000d88                TIM8_CC_IRQHandler
                0x0000000008000d88                DebugMon_Handler
                0x0000000008000d88                UART8_IRQHandler
                0x0000000008000d88                SPI4_IRQHandler
                0x0000000008000d88                TIM1_CC_IRQHandler
                0x0000000008000d88                DMA2_Stream5_IRQHandler
                0x0000000008000d88                HardFault_Handler
                0x0000000008000d88                DMA1_Stream5_IRQHandler
                0x0000000008000d88                PVD_IRQHandler
                0x0000000008000d88                SDIO_IRQHandler
                0x0000000008000d88                TAMP_STAMP_IRQHandler
                0x0000000008000d88                PendSV_Handler
                0x0000000008000d88                NMI_Handler
                0x0000000008000d88                CAN2_RX1_IRQHandler
                0x0000000008000d88                EXTI3_IRQHandler
                0x0000000008000d88                TIM8_TRG_COM_TIM14_IRQHandler
                0x0000000008000d88                TIM1_UP_TIM10_IRQHandler
                0x0000000008000d88                TIM8_UP_TIM13_IRQHandler
                0x0000000008000d88                I2C3_ER_IRQHandler
                0x0000000008000d88                EXTI0_IRQHandler
                0x0000000008000d88                I2C2_EV_IRQHandler
                0x0000000008000d88                DMA1_Stream2_IRQHandler
                0x0000000008000d88                CAN1_RX0_IRQHandler
                0x0000000008000d88                FPU_IRQHandler
                0x0000000008000d88                OTG_HS_WKUP_IRQHandler
                0x0000000008000d88                UsageFault_Handler
                0x0000000008000d88                LTDC_ER_IRQHandler
                0x0000000008000d88                CAN2_SCE_IRQHandler
                0x0000000008000d88                DMA2_Stream2_IRQHandler
                0x0000000008000d88                SPI1_IRQHandler
                0x0000000008000d88                TIM6_DAC_IRQHandler
                0x0000000008000d88                TIM1_BRK_TIM9_IRQHandler
                0x0000000008000d88                DCMI_IRQHandler
                0x0000000008000d88                CAN2_RX0_IRQHandler
                0x0000000008000d88                DMA2_Stream3_IRQHandler
                0x0000000008000d88                USART6_IRQHandler
                0x0000000008000d88                CAN1_RX1_IRQHandler
                0x0000000008000d88                UART5_IRQHandler
                0x0000000008000d88                DMA2_Stream0_IRQHandler
                0x0000000008000d88                TIM4_IRQHandler
                0x0000000008000d88                QUADSPI_IRQHandler
                0x0000000008000d88                I2C1_EV_IRQHandler
                0x0000000008000d88                DMA1_Stream6_IRQHandler
                0x0000000008000d88                DMA1_Stream1_IRQHandler
                0x0000000008000d88                UART4_IRQHandler
                0x0000000008000d88                TIM3_IRQHandler
                0x0000000008000d88                RCC_IRQHandler
                0x0000000008000d88                TIM8_BRK_TIM12_IRQHandler
                0x0000000008000d88                Default_Handler
                0x0000000008000d88                EXTI15_10_IRQHandler
                0x0000000008000d88                ADC_IRQHandler
                0x0000000008000d88                DMA1_Stream7_IRQHandler
                0x0000000008000d88                SPI5_IRQHandler
                0x0000000008000d88                TIM7_IRQHandler
                0x0000000008000d88                CAN2_TX_IRQHandler
                0x0000000008000d88                TIM5_IRQHandler
                0x0000000008000d88                DMA2_Stream7_IRQHandler
                0x0000000008000d88                I2C3_EV_IRQHandler
                0x0000000008000d88                EXTI9_5_IRQHandler
                0x0000000008000d88                RTC_WKUP_IRQHandler
                0x0000000008000d88                LTDC_IRQHandler
                0x0000000008000d88                ETH_WKUP_IRQHandler
                0x0000000008000d88                SPI2_IRQHandler
                0x0000000008000d88                OTG_HS_EP1_IN_IRQHandler
                0x0000000008000d88                MemManage_Handler
                0x0000000008000d88                DMA1_Stream0_IRQHandler
                0x0000000008000d88                CAN1_TX_IRQHandler
                0x0000000008000d88                SVC_Handler
                0x0000000008000d88                EXTI4_IRQHandler
                0x0000000008000d88                DSI_IRQHandler
                0x0000000008000d88                ETH_IRQHandler
                0x0000000008000d88                OTG_HS_EP1_OUT_IRQHandler
                0x0000000008000d88                WWDG_IRQHandler
                0x0000000008000d88                SPI6_IRQHandler
                0x0000000008000d88                TIM2_IRQHandler
                0x0000000008000d88                OTG_FS_WKUP_IRQHandler
                0x0000000008000d88                TIM1_TRG_COM_TIM11_IRQHandler
                0x0000000008000d88                OTG_HS_IRQHandler
                0x0000000008000d88                DMA2D_IRQHandler
                0x0000000008000d88                EXTI1_IRQHandler
                0x0000000008000d88                UART7_IRQHandler
                0x0000000008000d88                USART2_IRQHandler
                0x0000000008000d88                I2C2_ER_IRQHandler
                0x0000000008000d88                DMA2_Stream1_IRQHandler
                0x0000000008000d88                CAN1_SCE_IRQHandler
                0x0000000008000d88                FLASH_IRQHandler
                0x0000000008000d88                DMA2_Stream4_IRQHandler
                0x0000000008000d88                BusFault_Handler
                0x0000000008000d88                USART1_IRQHandler
                0x0000000008000d88                OTG_FS_IRQHandler
                0x0000000008000d88                SPI3_IRQHandler
                0x0000000008000d88                DMA1_Stream4_IRQHandler
                0x0000000008000d88                I2C1_ER_IRQHandler
                0x0000000008000d88                FMC_IRQHandler
                0x0000000008000d88                DMA2_Stream6_IRQHandler
                0x0000000008000d88                SAI1_IRQHandler
                0x0000000008000d88                DMA1_Stream3_IRQHandler
 *(.glue_7)
 .glue_7        0x0000000008000d8a        0x0 linker stubs
 *(.glue_7t)
 .glue_7t       0x0000000008000d8a        0x0 linker stubs
 *(.eh_frame)
 *fill*         0x0000000008000d8a        0x2 
 .eh_frame      0x0000000008000d8c        0x0 /usr/lib/gcc/arm-none-eabi/9.2.1/thumb/v7e-m+fp/hard/crtbegin.o
 *(.init)
 .init          0x0000000008000d8c        0x4 /usr/lib/gcc/arm-none-eabi/9.2.1/thumb/v7e-m+fp/hard/crti.o
                0x0000000008000d8c                _init
 .init          0x0000000008000d90        0x8 /usr/lib/gcc/arm-none-eabi/9.2.1/thumb/v7e-m+fp/hard/crtn.o
 *(.fini)
 .fini          0x0000000008000d98        0x4 /usr/lib/gcc/arm-none-eabi/9.2.1/thumb/v7e-m+fp/hard/crti.o
                0x0000000008000d98                _fini
 .fini          0x0000000008000d9c        0x8 /usr/lib/gcc/arm-none-eabi/9.2.1/thumb/v7e-m+fp/hard/crtn.o
                0x0000000008000da4                . = ALIGN (0x4)
                0x0000000008000da4                _etext = .

.vfp11_veneer   0x0000000008000da4        0x0
 .vfp11_veneer  0x0000000008000da4        0x0 linker stubs

.v4_bx          0x0000000008000da4        0x0
 .v4_bx         0x0000000008000da4        0x0 linker stubs

.iplt           0x0000000008000da4        0x0
 .iplt          0x0000000008000da4        0x0 /usr/lib/gcc/arm-none-eabi/9.2.1/thumb/v7e-m+fp/hard/crtbegin.o

.rodata         0x0000000008000da4       0x94
                0x0000000008000da4                . = ALIGN (0x4)
 *(.rodata)
 .rodata        0x0000000008000da4       0x55 build/main.o
 *(.rodata*)
 *fill*         0x0000000008000df9        0x3 
 .rodata.writeToEEPROM.str1.4
                0x0000000008000dfc        0x3 build/main.o
 *fill*         0x0000000008000dff        0x1 
 .rodata.itoa.str1.4
                0x0000000008000e00        0x2 build/main.o
 *fill*         0x0000000008000e02        0x2 
 .rodata.USART3_IRQHandler.str1.4
                0x0000000008000e04        0x7 build/main.o
 *fill*         0x0000000008000e0b        0x1 
 .rodata.main.str1.4
                0x0000000008000e0c       0x2a build/main.o
                0x0000000008000e38                . = ALIGN (0x4)
 *fill*         0x0000000008000e36        0x2 

.rel.dyn        0x0000000008000e38        0x0
 .rel.iplt      0x0000000008000e38        0x0 /usr/lib/gcc/arm-none-eabi/9.2.1/thumb/v7e-m+fp/hard/crtbegin.o

.ARM.extab
 *(.ARM.extab* .gnu.linkonce.armextab.*)

.ARM            0x0000000008000e38        0x0
                0x0000000008000e38                __exidx_start = .
 *(.ARM.exidx*)
                0x0000000008000e38                __exidx_end = .

.preinit_array  0x0000000008000e38        0x0
                0x0000000008000e38                PROVIDE (__preinit_array_start = .)
 *(.preinit_array*)
                0x0000000008000e38                PROVIDE (__preinit_array_end = .)

.init_array     0x0000000008000e38        0x4
                0x0000000008000e38                PROVIDE (__init_array_start = .)
 *(SORT_BY_NAME(.init_array.*))
 *(.init_array*)
 .init_array    0x0000000008000e38        0x4 /usr/lib/gcc/arm-none-eabi/9.2.1/thumb/v7e-m+fp/hard/crtbegin.o
                0x0000000008000e3c                PROVIDE (__init_array_end = .)

.fini_array     0x0000000008000e3c        0x4
                0x0000000008000e3c                PROVIDE (__fini_array_start = .)
 *(SORT_BY_NAME(.fini_array.*))
 *(.fini_array*)
 .fini_array    0x0000000008000e3c        0x4 /usr/lib/gcc/arm-none-eabi/9.2.1/thumb/v7e-m+fp/hard/crtbegin.o
                0x0000000008000e40                PROVIDE (__fini_array_end = .)
                0x0000000008000e40                _sidata = LOADADDR (.data)

.data           0x0000000020000000       0x2c load address 0x0000000008000e40
                0x0000000020000000                . = ALIGN (0x4)
                0x0000000020000000                _sdata = .
 *(.data)
 *(.data*)
 .data.digit_array
                0x0000000020000000       0x14 build/main.o
                0x0000000020000000                digit_array
 .data.displayValue
                0x0000000020000014        0x2 build/main.o
                0x0000000020000014                displayValue
 *fill*         0x0000000020000016        0x2 
 .data.errorInvalidMode
                0x0000000020000018        0x4 build/main.o
                0x0000000020000018                errorInvalidMode
 .data.errorInvalidValue
                0x000000002000001c        0x4 build/main.o
                0x000000002000001c                errorInvalidValue
 .data.led_array
                0x0000000020000020        0x8 build/main.o
                0x0000000020000020                led_array
 .data.SystemCoreClock
                0x0000000020000028        0x4 build/system_stm32f4xx.o
                0x0000000020000028                SystemCoreClock
                0x000000002000002c                . = ALIGN (0x4)
                0x000000002000002c                _edata = .
                0x0000000008000e6c                _siccmram = LOADADDR (.ccmram)

.tm_clone_table
                0x000000002000002c        0x0 load address 0x0000000008000e6c
 .tm_clone_table
                0x000000002000002c        0x0 /usr/lib/gcc/arm-none-eabi/9.2.1/thumb/v7e-m+fp/hard/crtbegin.o
 .tm_clone_table
                0x000000002000002c        0x0 /usr/lib/gcc/arm-none-eabi/9.2.1/thumb/v7e-m+fp/hard/crtend.o

.igot.plt       0x000000002000002c        0x0 load address 0x0000000008000e6c
 .igot.plt      0x000000002000002c        0x0 /usr/lib/gcc/arm-none-eabi/9.2.1/thumb/v7e-m+fp/hard/crtbegin.o

.ccmram         0x0000000010000000        0x0 load address 0x0000000008000e6c
                0x0000000010000000                . = ALIGN (0x4)
                0x0000000010000000                _sccmram = .
 *(.ccmram)
 *(.ccmram*)
                0x0000000010000000                . = ALIGN (0x4)
                0x0000000010000000                _eccmram = .
                0x0000000010000000                . = ALIGN (0x4)

.bss            0x000000002000002c       0x34
                0x000000002000002c                _sbss = .
                0x000000002000002c                __bss_start__ = _sbss
 *(.bss)
 .bss           0x000000002000002c       0x1c /usr/lib/gcc/arm-none-eabi/9.2.1/thumb/v7e-m+fp/hard/crtbegin.o
 *(.bss*)
 .bss.displayValueUsart3
                0x0000000020000048        0x2 build/main.o
                0x0000000020000048                displayValueUsart3
 .bss.displayValueUsart3Symbols
                0x000000002000004a        0x2 build/main.o
                0x000000002000004a                displayValueUsart3Symbols
 .bss.sTicks    0x000000002000004c        0x4 build/main.o
                0x000000002000004c                sTicks
 .bss.ticks     0x0000000020000050        0x4 build/main.o
                0x0000000020000050                ticks
 *(COMMON)
 COMMON         0x0000000020000054        0xc build/main.o
                0x0000000020000054                itoa_output
                0x0000000020000060                . = ALIGN (0x4)
                0x0000000020000060                _ebss = .
                0x0000000020000060                __bss_end__ = _ebss

._user_heap_stack
                0x0000000020000060      0x600
                0x0000000020000060                . = ALIGN (0x8)
                [!provide]                        PROVIDE (end = .)
                [!provide]                        PROVIDE (_end = .)
                0x0000000020000260                . = (. + _Min_Heap_Size)
 *fill*         0x0000000020000060      0x200 
                0x0000000020000660                . = (. + _Min_Stack_Size)
 *fill*         0x0000000020000260      0x400 
                0x0000000020000660                . = ALIGN (0x8)

/DISCARD/
 libc.a(*)
 libm.a(*)
 libgcc.a(*)

.ARM.attributes
                0x0000000000000000       0x30
 *(.ARM.attributes)
 .ARM.attributes
                0x0000000000000000       0x1e /usr/lib/gcc/arm-none-eabi/9.2.1/thumb/v7e-m+fp/hard/crti.o
 .ARM.attributes
                0x000000000000001e       0x34 /usr/lib/gcc/arm-none-eabi/9.2.1/thumb/v7e-m+fp/hard/crtbegin.o
 .ARM.attributes
                0x0000000000000052       0x34 build/main.o
 .ARM.attributes
                0x0000000000000086       0x34 build/util.o
 .ARM.attributes
                0x00000000000000ba       0x34 build/system_stm32f4xx.o
 .ARM.attributes
                0x00000000000000ee       0x21 build/startup_stm32f469xx.o
 .ARM.attributes
                0x000000000000010f       0x34 /usr/lib/gcc/arm-none-eabi/9.2.1/../../../arm-none-eabi/lib/thumb/v7e-m+fp/hard/libc_nano.a(lib_a-init.o)
 .ARM.attributes
                0x0000000000000143       0x32 /usr/lib/gcc/arm-none-eabi/9.2.1/thumb/v7e-m+fp/hard/crtend.o
 .ARM.attributes
                0x0000000000000175       0x1e /usr/lib/gcc/arm-none-eabi/9.2.1/thumb/v7e-m+fp/hard/crtn.o
OUTPUT(build/f469.elf elf32-littlearm)
LOAD linker stubs
LOAD /usr/lib/gcc/arm-none-eabi/9.2.1/../../../arm-none-eabi/lib/thumb/v7e-m+fp/hard/libc.a
LOAD /usr/lib/gcc/arm-none-eabi/9.2.1/../../../arm-none-eabi/lib/thumb/v7e-m+fp/hard/libm.a
LOAD /usr/lib/gcc/arm-none-eabi/9.2.1/thumb/v7e-m+fp/hard/libgcc.a

.comment        0x0000000000000000       0xa7
 .comment       0x0000000000000000       0x59 /usr/lib/gcc/arm-none-eabi/9.2.1/thumb/v7e-m+fp/hard/crtbegin.o
                                         0x5a (size before relaxing)
 .comment       0x0000000000000059       0x5a build/main.o
 .comment       0x0000000000000059       0x5a build/util.o
 .comment       0x0000000000000059       0x5a build/system_stm32f4xx.o
 .comment       0x0000000000000059       0x4e /usr/lib/gcc/arm-none-eabi/9.2.1/../../../arm-none-eabi/lib/thumb/v7e-m+fp/hard/libc_nano.a(lib_a-init.o)
                                         0x4f (size before relaxing)
 .comment       0x00000000000000a7       0x5a /usr/lib/gcc/arm-none-eabi/9.2.1/thumb/v7e-m+fp/hard/crtend.o

.debug_info     0x0000000000000000     0x247d
 .debug_info    0x0000000000000000     0x1795 build/main.o
 .debug_info    0x0000000000001795      0x5d6 build/util.o
 .debug_info    0x0000000000001d6b      0x5d6 build/system_stm32f4xx.o
 .debug_info    0x0000000000002341       0x22 build/startup_stm32f469xx.o
 .debug_info    0x0000000000002363      0x11a /usr/lib/gcc/arm-none-eabi/9.2.1/../../../arm-none-eabi/lib/thumb/v7e-m+fp/hard/libc_nano.a(lib_a-init.o)

.debug_abbrev   0x0000000000000000      0x767
 .debug_abbrev  0x0000000000000000      0x3f2 build/main.o
 .debug_abbrev  0x00000000000003f2      0x169 build/util.o
 .debug_abbrev  0x000000000000055b      0x12e build/system_stm32f4xx.o
 .debug_abbrev  0x0000000000000689       0x12 build/startup_stm32f469xx.o
 .debug_abbrev  0x000000000000069b       0xcc /usr/lib/gcc/arm-none-eabi/9.2.1/../../../arm-none-eabi/lib/thumb/v7e-m+fp/hard/libc_nano.a(lib_a-init.o)

.debug_loc      0x0000000000000000      0xa12
 .debug_loc     0x0000000000000000      0x787 build/main.o
 .debug_loc     0x0000000000000787       0x65 build/util.o
 .debug_loc     0x00000000000007ec      0x16c build/system_stm32f4xx.o
 .debug_loc     0x0000000000000958       0xba /usr/lib/gcc/arm-none-eabi/9.2.1/../../../arm-none-eabi/lib/thumb/v7e-m+fp/hard/libc_nano.a(lib_a-init.o)

.debug_aranges  0x0000000000000000      0x188
 .debug_aranges
                0x0000000000000000       0xd8 build/main.o
 .debug_aranges
                0x00000000000000d8       0x40 build/util.o
 .debug_aranges
                0x0000000000000118       0x28 build/system_stm32f4xx.o
 .debug_aranges
                0x0000000000000140       0x28 build/startup_stm32f469xx.o
 .debug_aranges
                0x0000000000000168       0x20 /usr/lib/gcc/arm-none-eabi/9.2.1/../../../arm-none-eabi/lib/thumb/v7e-m+fp/hard/libc_nano.a(lib_a-init.o)

.debug_ranges   0x0000000000000000      0x160
 .debug_ranges  0x0000000000000000       0xf8 build/main.o
 .debug_ranges  0x00000000000000f8       0x30 build/util.o
 .debug_ranges  0x0000000000000128       0x18 build/system_stm32f4xx.o
 .debug_ranges  0x0000000000000140       0x20 build/startup_stm32f469xx.o

.debug_line     0x0000000000000000     0x12d6
 .debug_line    0x0000000000000000      0xc0e build/main.o
 .debug_line    0x0000000000000c0e      0x348 build/util.o
 .debug_line    0x0000000000000f56      0x1f6 build/system_stm32f4xx.o
 .debug_line    0x000000000000114c       0x7d build/startup_stm32f469xx.o
 .debug_line    0x00000000000011c9      0x10d /usr/lib/gcc/arm-none-eabi/9.2.1/../../../arm-none-eabi/lib/thumb/v7e-m+fp/hard/libc_nano.a(lib_a-init.o)

.debug_str      0x0000000000000000      0xe03
 .debug_str     0x0000000000000000      0xb87 build/main.o
                                        0xbdf (size before relaxing)
 .debug_str     0x0000000000000b87       0x5f build/util.o
                                        0x386 (size before relaxing)
 .debug_str     0x0000000000000be6       0x58 build/system_stm32f4xx.o
                                        0x375 (size before relaxing)
 .debug_str     0x0000000000000c3e       0x2b build/startup_stm32f469xx.o
                                         0x48 (size before relaxing)
 .debug_str     0x0000000000000c69      0x19a /usr/lib/gcc/arm-none-eabi/9.2.1/../../../arm-none-eabi/lib/thumb/v7e-m+fp/hard/libc_nano.a(lib_a-init.o)
                                        0x229 (size before relaxing)

.debug_frame    0x0000000000000000      0x2d8
 .debug_frame   0x0000000000000000      0x214 build/main.o
 .debug_frame   0x0000000000000214       0x68 build/util.o
 .debug_frame   0x000000000000027c       0x30 build/system_stm32f4xx.o
 .debug_frame   0x00000000000002ac       0x2c /usr/lib/gcc/arm-none-eabi/9.2.1/../../../arm-none-eabi/lib/thumb/v7e-m+fp/hard/libc_nano.a(lib_a-init.o)

Cross Reference Table

Symbol                                            File
ADC_IRQHandler                                    build/startup_stm32f469xx.o
AHBPrescTable                                     build/system_stm32f4xx.o
APBPrescTable                                     build/system_stm32f4xx.o
BusFault_Handler                                  build/startup_stm32f469xx.o
CAN1_RX0_IRQHandler                               build/startup_stm32f469xx.o
CAN1_RX1_IRQHandler                               build/startup_stm32f469xx.o
CAN1_SCE_IRQHandler                               build/startup_stm32f469xx.o
CAN1_TX_IRQHandler                                build/startup_stm32f469xx.o
CAN2_RX0_IRQHandler                               build/startup_stm32f469xx.o
CAN2_RX1_IRQHandler                               build/startup_stm32f469xx.o
CAN2_SCE_IRQHandler                               build/startup_stm32f469xx.o
CAN2_TX_IRQHandler                                build/startup_stm32f469xx.o
DCMI_IRQHandler                                   build/startup_stm32f469xx.o
DMA1_Stream0_IRQHandler                           build/startup_stm32f469xx.o
DMA1_Stream1_IRQHandler                           build/startup_stm32f469xx.o
DMA1_Stream2_IRQHandler                           build/startup_stm32f469xx.o
DMA1_Stream3_IRQHandler                           build/startup_stm32f469xx.o
DMA1_Stream4_IRQHandler                           build/startup_stm32f469xx.o
DMA1_Stream5_IRQHandler                           build/startup_stm32f469xx.o
DMA1_Stream6_IRQHandler                           build/startup_stm32f469xx.o
DMA1_Stream7_IRQHandler                           build/startup_stm32f469xx.o
DMA2D_IRQHandler                                  build/startup_stm32f469xx.o
DMA2_Stream0_IRQHandler                           build/startup_stm32f469xx.o
DMA2_Stream1_IRQHandler                           build/startup_stm32f469xx.o
DMA2_Stream2_IRQHandler                           build/startup_stm32f469xx.o
DMA2_Stream3_IRQHandler                           build/startup_stm32f469xx.o
DMA2_Stream4_IRQHandler                           build/startup_stm32f469xx.o
DMA2_Stream5_IRQHandler                           build/startup_stm32f469xx.o
DMA2_Stream6_IRQHandler                           build/startup_stm32f469xx.o
DMA2_Stream7_IRQHandler                           build/startup_stm32f469xx.o
DSI_IRQHandler                                    build/startup_stm32f469xx.o
DebugMon_Handler                                  build/startup_stm32f469xx.o
Default_Handler                                   build/startup_stm32f469xx.o
ETH_IRQHandler                                    build/startup_stm32f469xx.o
ETH_WKUP_IRQHandler                               build/startup_stm32f469xx.o
EXTI0_IRQHandler                                  build/startup_stm32f469xx.o
EXTI15_10_IRQHandler                              build/startup_stm32f469xx.o
EXTI1_IRQHandler                                  build/startup_stm32f469xx.o
EXTI2_IRQHandler                                  build/startup_stm32f469xx.o
EXTI3_IRQHandler                                  build/startup_stm32f469xx.o
EXTI4_IRQHandler                                  build/startup_stm32f469xx.o
EXTI9_5_IRQHandler                                build/startup_stm32f469xx.o
FLASH_IRQHandler                                  build/startup_stm32f469xx.o
FMC_IRQHandler                                    build/startup_stm32f469xx.o
FPU_IRQHandler                                    build/startup_stm32f469xx.o
HASH_RNG_IRQHandler                               build/startup_stm32f469xx.o
HardFault_Handler                                 build/startup_stm32f469xx.o
I2C1_ER_IRQHandler                                build/startup_stm32f469xx.o
I2C1_EV_IRQHandler                                build/startup_stm32f469xx.o
I2C2_ER_IRQHandler                                build/startup_stm32f469xx.o
I2C2_EV_IRQHandler                                build/startup_stm32f469xx.o
I2C3_ER_IRQHandler                                build/startup_stm32f469xx.o
I2C3_EV_IRQHandler                                build/startup_stm32f469xx.o
LTDC_ER_IRQHandler                                build/startup_stm32f469xx.o
LTDC_IRQHandler                                   build/startup_stm32f469xx.o
MemManage_Handler                                 build/startup_stm32f469xx.o
NMI_Handler                                       build/startup_stm32f469xx.o
OTG_FS_IRQHandler                                 build/startup_stm32f469xx.o
OTG_FS_WKUP_IRQHandler                            build/startup_stm32f469xx.o
OTG_HS_EP1_IN_IRQHandler                          build/startup_stm32f469xx.o
OTG_HS_EP1_OUT_IRQHandler                         build/startup_stm32f469xx.o
OTG_HS_IRQHandler                                 build/startup_stm32f469xx.o
OTG_HS_WKUP_IRQHandler                            build/startup_stm32f469xx.o
PVD_IRQHandler                                    build/startup_stm32f469xx.o
PendSV_Handler                                    build/startup_stm32f469xx.o
QUADSPI_IRQHandler                                build/startup_stm32f469xx.o
RCC_IRQHandler                                    build/startup_stm32f469xx.o
RTC_Alarm_IRQHandler                              build/startup_stm32f469xx.o
RTC_WKUP_IRQHandler                               build/startup_stm32f469xx.o
Reset_Handler                                     build/startup_stm32f469xx.o
SAI1_IRQHandler                                   build/startup_stm32f469xx.o
SDIO_IRQHandler                                   build/startup_stm32f469xx.o
SPI1_IRQHandler                                   build/startup_stm32f469xx.o
SPI2Init                                          build/main.o
SPI2_IRQHandler                                   build/startup_stm32f469xx.o
SPI3_IRQHandler                                   build/startup_stm32f469xx.o
SPI4_IRQHandler                                   build/startup_stm32f469xx.o
SPI5_IRQHandler                                   build/startup_stm32f469xx.o
SPI6Init                                          build/main.o
SPI6_IRQHandler                                   build/startup_stm32f469xx.o
SVC_Handler                                       build/startup_stm32f469xx.o
SysTick_Handler                                   build/main.o
SystemCoreClock                                   build/system_stm32f4xx.o
                                                  build/main.o
SystemCoreClockUpdate                             build/system_stm32f4xx.o
SystemInit                                        build/system_stm32f4xx.o
                                                  build/startup_stm32f469xx.o
TAMP_STAMP_IRQHandler                             build/startup_stm32f469xx.o
TIM1_BRK_TIM9_IRQHandler                          build/startup_stm32f469xx.o
TIM1_CC_IRQHandler                                build/startup_stm32f469xx.o
TIM1_TRG_COM_TIM11_IRQHandler                     build/startup_stm32f469xx.o
TIM1_UP_TIM10_IRQHandler                          build/startup_stm32f469xx.o
TIM2_IRQHandler                                   build/startup_stm32f469xx.o
TIM3_IRQHandler                                   build/startup_stm32f469xx.o
TIM4_IRQHandler                                   build/startup_stm32f469xx.o
TIM5_IRQHandler                                   build/startup_stm32f469xx.o
TIM6_DAC_IRQHandler                               build/startup_stm32f469xx.o
TIM7_IRQHandler                                   build/startup_stm32f469xx.o
TIM8_BRK_TIM12_IRQHandler                         build/startup_stm32f469xx.o
TIM8_CC_IRQHandler                                build/startup_stm32f469xx.o
TIM8_TRG_COM_TIM14_IRQHandler                     build/startup_stm32f469xx.o
TIM8_UP_TIM13_IRQHandler                          build/startup_stm32f469xx.o
UART3Init                                         build/main.o
UART4_IRQHandler                                  build/startup_stm32f469xx.o
UART5_IRQHandler                                  build/startup_stm32f469xx.o
UART7_IRQHandler                                  build/startup_stm32f469xx.o
UART8_IRQHandler                                  build/startup_stm32f469xx.o
USART1_IRQHandler                                 build/startup_stm32f469xx.o
USART2_IRQHandler                                 build/startup_stm32f469xx.o
USART3_IRQHandler                                 build/main.o
USART6_IRQHandler                                 build/startup_stm32f469xx.o
UsageFault_Handler                                build/startup_stm32f469xx.o
WWDG_IRQHandler                                   build/startup_stm32f469xx.o
_ITM_deregisterTMCloneTable                       /usr/lib/gcc/arm-none-eabi/9.2.1/thumb/v7e-m+fp/hard/crtbegin.o
_ITM_registerTMCloneTable                         /usr/lib/gcc/arm-none-eabi/9.2.1/thumb/v7e-m+fp/hard/crtbegin.o
__TMC_END__                                       /usr/lib/gcc/arm-none-eabi/9.2.1/thumb/v7e-m+fp/hard/crtend.o
                                                  /usr/lib/gcc/arm-none-eabi/9.2.1/thumb/v7e-m+fp/hard/crtbegin.o
__atexit_dummy                                    /usr/lib/gcc/arm-none-eabi/9.2.1/../../../arm-none-eabi/lib/thumb/v7e-m+fp/hard/libc_nano.a(lib_a-__atexit.o)
__bss_end__                                       /usr/lib/gcc/arm-none-eabi/9.2.1/../../../arm-none-eabi/lib/thumb/v7e-m+fp/hard/crt0.o
__bss_start__                                     /usr/lib/gcc/arm-none-eabi/9.2.1/../../../arm-none-eabi/lib/thumb/v7e-m+fp/hard/crt0.o
__call_exitprocs                                  /usr/lib/gcc/arm-none-eabi/9.2.1/../../../arm-none-eabi/lib/thumb/v7e-m+fp/hard/libc_nano.a(lib_a-__call_atexit.o)
                                                  /usr/lib/gcc/arm-none-eabi/9.2.1/../../../arm-none-eabi/lib/thumb/v7e-m+fp/hard/libc_nano.a(lib_a-__atexit.o)
                                                  /usr/lib/gcc/arm-none-eabi/9.2.1/../../../arm-none-eabi/lib/thumb/v7e-m+fp/hard/libc_nano.a(lib_a-exit.o)
__deregister_frame_info                           /usr/lib/gcc/arm-none-eabi/9.2.1/thumb/v7e-m+fp/hard/crtbegin.o
__dso_handle                                      /usr/lib/gcc/arm-none-eabi/9.2.1/thumb/v7e-m+fp/hard/crtbegin.o
__fini_array_end                                  /usr/lib/gcc/arm-none-eabi/9.2.1/../../../arm-none-eabi/lib/thumb/v7e-m+fp/hard/libc_nano.a(lib_a-fini.o)
__fini_array_start                                /usr/lib/gcc/arm-none-eabi/9.2.1/../../../arm-none-eabi/lib/thumb/v7e-m+fp/hard/libc_nano.a(lib_a-fini.o)
__init_array_end                                  /usr/lib/gcc/arm-none-eabi/9.2.1/../../../arm-none-eabi/lib/thumb/v7e-m+fp/hard/libc_nano.a(lib_a-init.o)
__init_array_start                                /usr/lib/gcc/arm-none-eabi/9.2.1/../../../arm-none-eabi/lib/thumb/v7e-m+fp/hard/libc_nano.a(lib_a-init.o)
__libc_fini_array                                 /usr/lib/gcc/arm-none-eabi/9.2.1/../../../arm-none-eabi/lib/thumb/v7e-m+fp/hard/libc_nano.a(lib_a-fini.o)
                                                  /usr/lib/gcc/arm-none-eabi/9.2.1/../../../arm-none-eabi/lib/thumb/v7e-m+fp/hard/crt0.o
__libc_init_array                                 /usr/lib/gcc/arm-none-eabi/9.2.1/../../../arm-none-eabi/lib/thumb/v7e-m+fp/hard/libc_nano.a(lib_a-init.o)
                                                  build/startup_stm32f469xx.o
                                                  /usr/lib/gcc/arm-none-eabi/9.2.1/../../../arm-none-eabi/lib/thumb/v7e-m+fp/hard/crt0.o
__on_exit_args                                    /usr/lib/gcc/arm-none-eabi/9.2.1/../../../arm-none-eabi/lib/thumb/v7e-m+fp/hard/libc_nano.a(lib_a-__atexit.o)
__preinit_array_end                               /usr/lib/gcc/arm-none-eabi/9.2.1/../../../arm-none-eabi/lib/thumb/v7e-m+fp/hard/libc_nano.a(lib_a-init.o)
__preinit_array_start                             /usr/lib/gcc/arm-none-eabi/9.2.1/../../../arm-none-eabi/lib/thumb/v7e-m+fp/hard/libc_nano.a(lib_a-init.o)
__register_exitproc                               /usr/lib/gcc/arm-none-eabi/9.2.1/../../../arm-none-eabi/lib/thumb/v7e-m+fp/hard/libc_nano.a(lib_a-__atexit.o)
                                                  /usr/lib/gcc/arm-none-eabi/9.2.1/../../../arm-none-eabi/lib/thumb/v7e-m+fp/hard/libc_nano.a(lib_a-atexit.o)
__register_frame_info                             /usr/lib/gcc/arm-none-eabi/9.2.1/thumb/v7e-m+fp/hard/crtbegin.o
__sf_fake_stderr                                  /usr/lib/gcc/arm-none-eabi/9.2.1/../../../arm-none-eabi/lib/thumb/v7e-m+fp/hard/libc_nano.a(lib_a-impure.o)
__sf_fake_stdin                                   /usr/lib/gcc/arm-none-eabi/9.2.1/../../../arm-none-eabi/lib/thumb/v7e-m+fp/hard/libc_nano.a(lib_a-impure.o)
__sf_fake_stdout                                  /usr/lib/gcc/arm-none-eabi/9.2.1/../../../arm-none-eabi/lib/thumb/v7e-m+fp/hard/libc_nano.a(lib_a-impure.o)
__stack                                           /usr/lib/gcc/arm-none-eabi/9.2.1/../../../arm-none-eabi/lib/thumb/v7e-m+fp/hard/crt0.o
_ebss                                             build/startup_stm32f469xx.o
_edata                                            build/startup_stm32f469xx.o
_estack                                           build/startup_stm32f469xx.o
_exit                                             /usr/lib/gcc/arm-none-eabi/9.2.1/../../../arm-none-eabi/lib/thumb/v7e-m+fp/hard/libnosys.a(_exit.o)
                                                  /usr/lib/gcc/arm-none-eabi/9.2.1/../../../arm-none-eabi/lib/thumb/v7e-m+fp/hard/libc_nano.a(lib_a-exit.o)
_fini                                             /usr/lib/gcc/arm-none-eabi/9.2.1/thumb/v7e-m+fp/hard/crti.o
                                                  /usr/lib/gcc/arm-none-eabi/9.2.1/../../../arm-none-eabi/lib/thumb/v7e-m+fp/hard/libc_nano.a(lib_a-fini.o)
_global_atexit                                    /usr/lib/gcc/arm-none-eabi/9.2.1/../../../arm-none-eabi/lib/thumb/v7e-m+fp/hard/libc_nano.a(lib_a-__call_atexit.o)
                                                  /usr/lib/gcc/arm-none-eabi/9.2.1/../../../arm-none-eabi/lib/thumb/v7e-m+fp/hard/libc_nano.a(lib_a-__atexit.o)
_global_impure_ptr                                /usr/lib/gcc/arm-none-eabi/9.2.1/../../../arm-none-eabi/lib/thumb/v7e-m+fp/hard/libc_nano.a(lib_a-impure.o)
                                                  /usr/lib/gcc/arm-none-eabi/9.2.1/../../../arm-none-eabi/lib/thumb/v7e-m+fp/hard/libc_nano.a(lib_a-exit.o)
_impure_ptr                                       /usr/lib/gcc/arm-none-eabi/9.2.1/../../../arm-none-eabi/lib/thumb/v7e-m+fp/hard/libc_nano.a(lib_a-impure.o)
_init                                             /usr/lib/gcc/arm-none-eabi/9.2.1/thumb/v7e-m+fp/hard/crti.o
                                                  /usr/lib/gcc/arm-none-eabi/9.2.1/../../../arm-none-eabi/lib/thumb/v7e-m+fp/hard/libc_nano.a(lib_a-init.o)
_mainCRTStartup                                   /usr/lib/gcc/arm-none-eabi/9.2.1/../../../arm-none-eabi/lib/thumb/v7e-m+fp/hard/crt0.o
_sbss                                             build/startup_stm32f469xx.o
_sdata                                            build/startup_stm32f469xx.o
_sidata                                           build/startup_stm32f469xx.o
_stack_init                                       /usr/lib/gcc/arm-none-eabi/9.2.1/../../../arm-none-eabi/lib/thumb/v7e-m+fp/hard/crt0.o
_start                                            /usr/lib/gcc/arm-none-eabi/9.2.1/../../../arm-none-eabi/lib/thumb/v7e-m+fp/hard/crt0.o
atexit                                            /usr/lib/gcc/arm-none-eabi/9.2.1/../../../arm-none-eabi/lib/thumb/v7e-m+fp/hard/libc_nano.a(lib_a-atexit.o)
                                                  /usr/lib/gcc/arm-none-eabi/9.2.1/../../../arm-none-eabi/lib/thumb/v7e-m+fp/hard/crt0.o
blinkLed                                          build/main.o
csDown                                            build/main.o
csUp                                              build/main.o
delayMcs                                          build/main.o
delayMs                                           build/main.o
delay_ms                                          build/util.o
digit_array                                       build/main.o
displayValue                                      build/main.o
displayValueUsart3                                build/main.o
displayValueUsart3Symbols                         build/main.o
driveShield                                       build/main.o
enableEEPROM                                      build/main.o
errorInvalidMode                                  build/main.o
errorInvalidValue                                 build/main.o
exit                                              /usr/lib/gcc/arm-none-eabi/9.2.1/../../../arm-none-eabi/lib/thumb/v7e-m+fp/hard/libc_nano.a(lib_a-exit.o)
                                                  /usr/lib/gcc/arm-none-eabi/9.2.1/../../../arm-none-eabi/lib/thumb/v7e-m+fp/hard/crt0.o
g_pfnVectors                                      build/startup_stm32f469xx.o
hardware_init_hook                                /usr/lib/gcc/arm-none-eabi/9.2.1/../../../arm-none-eabi/lib/thumb/v7e-m+fp/hard/crt0.o
isize                                             build/main.o
itoa                                              build/main.o
itoa_output                                       build/main.o
key_array                                         build/main.o
led_array                                         build/main.o
main                                              build/main.o
                                                  build/startup_stm32f469xx.o
                                                  /usr/lib/gcc/arm-none-eabi/9.2.1/../../../arm-none-eabi/lib/thumb/v7e-m+fp/hard/crt0.o
malloc                                            /usr/lib/gcc/arm-none-eabi/9.2.1/../../../arm-none-eabi/lib/thumb/v7e-m+fp/hard/libc_nano.a(lib_a-__atexit.o)
memset                                            /usr/lib/gcc/arm-none-eabi/9.2.1/../../../arm-none-eabi/lib/thumb/v7e-m+fp/hard/libc_nano.a(lib_a-memset.o)
                                                  /usr/lib/gcc/arm-none-eabi/9.2.1/../../../arm-none-eabi/lib/thumb/v7e-m+fp/hard/crt0.o
power                                             build/main.o
rclkRise                                          build/main.o
registerUpdate                                    build/main.o
sTicks                                            build/main.o
sendViaSPI2                                       build/main.o
sendViaSPI6                                       build/main.o
sendViaUsart3                                     build/main.o
setDigit                                          build/main.o
set_sysclk_max                                    build/util.o
                                                  build/main.o
software_init_hook                                /usr/lib/gcc/arm-none-eabi/9.2.1/../../../arm-none-eabi/lib/thumb/v7e-m+fp/hard/crt0.o
strlen                                            build/main.o
ticks                                             build/main.o
usart3_init                                       build/util.o
usart3_putchar                                    build/util.o
usart3_puts                                       build/util.o
writeToEEPROM                                     build/main.o
